=== easy: Pseudomonas_aeruginosa_pao1_gca_000006765 ASM676v1 (EG release 63) ===
    results=/hpc/projects/chi.spatial/spritz/Spritz/cluster-examples/work/easy/results
Welcome to Spritz!
Testing analysis directory /app/spritz/results/
Using analysis directory /app/spritz/results/

Running `snakemake -j 8 --use-conda --configfile /app/spritz/results/config/config.yaml`.
Tool returned:
0
=== easy: run finished, checking ===
--- easy ---
  PASS  genome FASTA downloaded
  PASS  reference proteome downloaded
  PASS  codon table is Bacterial_and_Plant_Plastid
  ..... spritz median protein length 286 over 5698 seqs; Ensembl 286 over 5671; ratio 1.00
  PASS  protein lengths agree with Ensembl (ratio within 0.9-1.1)
  PASS  UniProt proteome resolved and downloaded
  PASS  division recorded as bacteria
  PASS  known_sites coerced to bootstrap
  PASS  bootstrap known sites produced
  PASS  prose.txt does not claim human
  FAIL  prose.txt omits the bootstrap disclosure
  PASS  final reference database present
--- easy: FAILURES ABOVE ---
