=== medium: Acetanaerobacterium_elongatum_gca_900103835 IMG-taxon_2667527408_annotated_assembly (EG release 63) ===
    results=/hpc/projects/chi.spatial/spritz/Spritz/cluster-examples/work/medium/results
Welcome to Spritz!
Testing analysis directory /app/spritz/results/
Using analysis directory /app/spritz/results/

NB: No sequences or analyses were specified, and so a reference database will be generated from Ensembl references only.
Running `snakemake -j 8 --use-conda --configfile /app/spritz/results/config/config.yaml`.
=== medium: run finished, checking ===
--- medium ---
  PASS  genome FASTA downloaded
  PASS  reference proteome downloaded
  PASS  codon table is Bacterial_and_Plant_Plastid
  ..... spritz median protein length 263 over 2699 seqs; Ensembl 263 over 2701; ratio 1.00
  PASS  protein lengths agree with Ensembl (ratio within 0.9-1.1)
  PASS  UniProt proteome downloaded
  ..... UniProt proteome: 25 seqs, dominant organism 'Acetanaerobacterium elongatum'
  PASS  UniProt proteome is for Acetanaerobacterium elongatum
  FAIL  UniProt proteome has 25 seqs - looks like an unresolved first page
  PASS  division recorded as bacteria
  PASS  prose.txt does not claim human
  ..... no final reference database (only expected when the run requested one)
--- medium: FAILURES ABOVE ---
